
> webler@0.0.1 build
> tsc && vite build

src/components/InputTags.tsx(82,35): error TS2339: Property 'map' does not exist on type 'JsonResponse<unknown>'.
src/components/InputTags.tsx(186,35): error TS2339: Property 'map' does not exist on type 'JsonResponse<unknown>'.
src/components/UserSearch.tsx(30,33): error TS2339: Property 'users' does not exist on type 'JsonResponse<unknown>'.
src/components/UserSearch.tsx(31,35): error TS2339: Property 'users' does not exist on type 'JsonResponse<unknown>'.
src/components/comments/Comment.tsx(3,26): error TS2614: Module '"../post-attachment-select/PostAttachment"' has no exported member 'IPostAttachment'. Did you mean to use 'import IPostAttachment from "../post-attachment-select/PostAttachment"' instead?
src/components/comments/Comment.tsx(60,34): error TS2339: Property 'vote' does not exist on type 'JsonResponse<unknown>'.
src/components/comments/Comment.tsx(61,33): error TS2339: Property 'vote' does not exist on type 'JsonResponse<unknown>'.
src/components/comments/CommentList.tsx(133,30): error TS2339: Property 'post' does not exist on type 'JsonResponse<unknown>'.
src/components/comments/CommentList.tsx(134,41): error TS2339: Property 'post' does not exist on type 'JsonResponse<unknown>'.
src/components/comments/CommentList.tsx(176,38): error TS18046: 'result.data' is of type 'unknown'.
src/components/comments/CommentList.tsx(176,83): error TS18046: 'result.data' is of type 'unknown'.
src/components/comments/CommentList.tsx(176,117): error TS18046: 'result.data' is of type 'unknown'.
src/components/comments/CommentList.tsx(178,33): error TS18046: 'result.data' is of type 'unknown'.
src/components/comments/CommentList.tsx(178,78): error TS18046: 'result.data' is of type 'unknown'.
src/components/comments/CommentList.tsx(178,112): error TS18046: 'result.data' is of type 'unknown'.
src/components/comments/useComments.ts(43,34): error TS2339: Property 'posts' does not exist on type 'JsonResponse<unknown>'.
src/components/comments/useComments.ts(46,45): error TS2339: Property 'posts' does not exist on type 'JsonResponse<unknown>'.
src/components/comments/useComments.ts(54,43): error TS2339: Property 'posts' does not exist on type 'JsonResponse<unknown>'.
src/components/comments/useComments.ts(58,26): error TS2345: Argument of type '{ message: string; }[] | undefined' is not assignable to parameter of type 'SetStateAction<any[]>'.
  Type 'undefined' is not assignable to type 'SetStateAction<any[]>'.
src/components/comments/useReplies.ts(30,34): error TS2339: Property 'posts' does not exist on type 'JsonResponse<unknown>'.
src/components/comments/useReplies.ts(32,45): error TS2339: Property 'posts' does not exist on type 'JsonResponse<unknown>'.
src/components/comments/useReplies.ts(40,43): error TS2339: Property 'posts' does not exist on type 'JsonResponse<unknown>'.
src/components/reactions/useReactions.ts(25,34): error TS2339: Property 'userReactions' does not exist on type 'JsonResponse<unknown>'.
src/components/reactions/useReactions.ts(26,63): error TS2339: Property 'userReactions' does not exist on type 'JsonResponse<unknown>'.
src/components/reactions/useReactions.ts(26,99): error TS2339: Property 'userReactions' does not exist on type 'JsonResponse<unknown>'.
src/components/reactions/useReactions.ts(27,39): error TS2339: Property 'userReactions' does not exist on type 'JsonResponse<unknown>'.
src/features/challenges/components/ChallengeCodeEditor.tsx(62,30): error TS2339: Property 'code' does not exist on type 'JsonResponse<unknown>'.
src/features/challenges/components/ChallengeCodeEditor.tsx(63,28): error TS2339: Property 'code' does not exist on type 'JsonResponse<unknown>'.
src/features/challenges/components/ChallengeCodeEditor.tsx(64,30): error TS2339: Property 'code' does not exist on type 'JsonResponse<unknown>'.
src/features/challenges/components/ChallengeCodeEditor.tsx(80,41): error TS2698: Spread types may only be created from object types.
src/features/challenges/components/ChallengeCodeEditor.tsx(81,35): error TS2339: Property 'source' does not exist on type '{}'.
src/features/challenges/components/ChallengeCodeOutput.tsx(33,48): error TS2339: Property 'jobId' does not exist on type 'JsonResponse<unknown>'.
src/features/challenges/components/ChallengeCodeOutput.tsx(43,117): error TS2339: Property 'jobId' does not exist on type 'JsonResponse<unknown>'.
src/features/challenges/components/ChallengeCodeOutput.tsx(44,50): error TS2339: Property 'job' does not exist on type 'JsonResponse<unknown>'.
src/features/challenges/components/ChallengeCodeOutput.tsx(45,43): error TS2339: Property 'job' does not exist on type 'JsonResponse<unknown>'.
src/features/challenges/components/ChallengeCodeOutput.tsx(52,35): error TS18047: 'getJobResult' is possibly 'null'.
src/features/challenges/components/ChallengeCodeOutput.tsx(52,48): error TS2339: Property 'job' does not exist on type 'JsonResponse<unknown>'.
src/features/challenges/components/ChallengeCreateForm.tsx(41,30): error TS2339: Property 'challenge' does not exist on type 'JsonResponse<unknown>'.
src/features/challenges/components/ChallengeCreateForm.tsx(42,29): error TS2339: Property 'challenge' does not exist on type 'JsonResponse<unknown>'.
src/features/challenges/components/ChallengeCreateForm.tsx(43,35): error TS2339: Property 'challenge' does not exist on type 'JsonResponse<unknown>'.
src/features/challenges/components/ChallengeCreateForm.tsx(44,34): error TS2339: Property 'challenge' does not exist on type 'JsonResponse<unknown>'.
src/features/challenges/components/ChallengeCreateForm.tsx(45,33): error TS2339: Property 'challenge' does not exist on type 'JsonResponse<unknown>'.
src/features/challenges/components/ChallengeCreateForm.tsx(46,33): error TS2339: Property 'challenge' does not exist on type 'JsonResponse<unknown>'.
src/features/challenges/components/ChallengeCreateForm.tsx(47,26): error TS2339: Property 'challenge' does not exist on type 'JsonResponse<unknown>'.
src/features/challenges/components/ChallengeCreateForm.tsx(48,33): error TS2339: Property 'challenge' does not exist on type 'JsonResponse<unknown>'.
src/features/challenges/components/ChallengeCreateForm.tsx(63,30): error TS2339: Property 'challenge' does not exist on type 'JsonResponse<unknown>'.
src/features/challenges/components/ChallengeCreateForm.tsx(66,45): error TS2339: Property 'challenge' does not exist on type 'JsonResponse<unknown>'.
src/features/challenges/components/ChallengeCreateForm.tsx(68,22): error TS18048: 'result.error' is possibly 'undefined'.
src/features/challenges/components/ChallengeCreateForm.tsx(86,50): error TS2339: Property 'id' does not exist on type '{}'.
src/features/challenges/components/ChallengeCreateForm.tsx(88,22): error TS18048: 'result.error' is possibly 'undefined'.
src/features/challenges/pages/ChallengeDetailsPage.tsx(42,30): error TS2339: Property 'challenge' does not exist on type 'JsonResponse<unknown>'.
src/features/challenges/pages/ChallengeDetailsPage.tsx(43,33): error TS2339: Property 'challenge' does not exist on type 'JsonResponse<unknown>'.
src/features/challenges/pages/ChallengeListPage.tsx(79,30): error TS2339: Property 'challenges' does not exist on type 'JsonResponse<unknown>'.
src/features/challenges/pages/ChallengeListPage.tsx(80,34): error TS2339: Property 'challenges' does not exist on type 'JsonResponse<unknown>'.
src/features/challenges/pages/ChallengeListPage.tsx(81,38): error TS2339: Property 'count' does not exist on type 'JsonResponse<unknown>'.
src/features/channels/components/ChannelMessage.tsx(5,26): error TS2614: Module '"../../../components/post-attachment-select/PostAttachment"' has no exported member 'IPostAttachment'. Did you mean to use 'import IPostAttachment from "../../../components/post-attachment-select/PostAttachment"' instead?
src/features/channels/components/ChannelRoom2.tsx(230,30): error TS2339: Property 'channel' does not exist on type 'JsonResponse<unknown>'.
src/features/channels/components/ChannelRoom2.tsx(231,31): error TS2339: Property 'channel' does not exist on type 'JsonResponse<unknown>'.
src/features/channels/components/ChannelRoomSettings.tsx(86,30): error TS2339: Property 'invite' does not exist on type 'JsonResponse<unknown>'.
src/features/channels/components/ChannelRoomSettings.tsx(89,27): error TS2339: Property 'invite' does not exist on type 'JsonResponse<unknown>'.
src/features/channels/components/ChannelRoomSettings.tsx(120,30): error TS18046: 'result.data' is of type 'unknown'.
src/features/channels/components/ChannelRoomSettings.tsx(120,50): error TS18046: 'result.data' is of type 'unknown'.
src/features/channels/components/ChannelRoomSettings.tsx(134,27): error TS18046: 'result.data' is of type 'unknown'.
src/features/channels/components/ChannelRoomSettings.tsx(168,38): error TS18046: 'result.data' is of type 'unknown'.
src/features/channels/components/ChannelsButton.tsx(16,28): error TS2339: Property 'count' does not exist on type 'JsonResponse<unknown>'.
src/features/channels/components/ChannelsButton.tsx(17,31): error TS2339: Property 'count' does not exist on type 'JsonResponse<unknown>'.
src/features/channels/components/ChannelsList2.tsx(69,30): error TS2339: Property 'channel' does not exist on type 'JsonResponse<unknown>'.
src/features/channels/components/ChannelsList2.tsx(70,40): error TS2339: Property 'channel' does not exist on type 'JsonResponse<unknown>'.
src/features/channels/hooks/useChannels.ts(43,34): error TS2339: Property 'channels' does not exist on type 'JsonResponse<unknown>'.
src/features/channels/hooks/useChannels.ts(44,56): error TS2339: Property 'channels' does not exist on type 'JsonResponse<unknown>'.
src/features/channels/hooks/useChannels.ts(45,39): error TS2339: Property 'channels' does not exist on type 'JsonResponse<unknown>'.
src/features/channels/hooks/useChannels.ts(47,26): error TS18048: 'result.error' is possibly 'undefined'.
src/features/channels/hooks/useChannels.ts(78,38): error TS2339: Property 'channel' does not exist on type 'JsonResponse<unknown>'.
src/features/channels/hooks/useChannels.ts(80,37): error TS2339: Property 'channel' does not exist on type 'JsonResponse<unknown>'.
src/features/channels/hooks/useInvites.ts(27,34): error TS2339: Property 'invites' does not exist on type 'JsonResponse<unknown>'.
src/features/channels/hooks/useInvites.ts(28,56): error TS2339: Property 'invites' does not exist on type 'JsonResponse<unknown>'.
src/features/channels/hooks/useInvites.ts(29,38): error TS2339: Property 'count' does not exist on type 'JsonResponse<unknown>'.
src/features/channels/hooks/useInvites.ts(30,39): error TS2339: Property 'invites' does not exist on type 'JsonResponse<unknown>'.
src/features/channels/hooks/useInvites.ts(32,26): error TS18048: 'result.error' is possibly 'undefined'.
src/features/channels/hooks/useMessages.ts(25,30): error TS2339: Property 'messages' does not exist on type 'JsonResponse<unknown>'.
src/features/channels/hooks/useMessages.ts(27,34): error TS2339: Property 'messages' does not exist on type 'JsonResponse<unknown>'.
src/features/channels/hooks/useMessages.ts(27,65): error TS2339: Property 'messages' does not exist on type 'JsonResponse<unknown>'.
src/features/channels/hooks/useMessages.ts(29,35): error TS2339: Property 'messages' does not exist on type 'JsonResponse<unknown>'.
src/features/channels/hooks/useMessages.ts(31,22): error TS18048: 'result.error' is possibly 'undefined'.
src/features/codes/components/CodeList.tsx(78,30): error TS2339: Property 'codes' does not exist on type 'JsonResponse<unknown>'.
src/features/codes/components/CodeList.tsx(79,29): error TS2339: Property 'codes' does not exist on type 'JsonResponse<unknown>'.
src/features/codes/components/CodeList.tsx(80,34): error TS2339: Property 'count' does not exist on type 'JsonResponse<unknown>'.
src/features/codes/layouts/CodesLayout.tsx(28,30): error TS2339: Property 'codes' does not exist on type 'JsonResponse<unknown>'.
src/features/codes/layouts/CodesLayout.tsx(29,29): error TS2339: Property 'codes' does not exist on type 'JsonResponse<unknown>'.
src/features/compiler-playground/components/CompileOutput.tsx(56,48): error TS2339: Property 'jobId' does not exist on type 'JsonResponse<unknown>'.
src/features/compiler-playground/components/CompileOutput.tsx(68,104): error TS2339: Property 'jobId' does not exist on type 'JsonResponse<unknown>'.
src/features/compiler-playground/components/CompileOutput.tsx(69,50): error TS2339: Property 'job' does not exist on type 'JsonResponse<unknown>'.
src/features/compiler-playground/components/CompileOutput.tsx(70,43): error TS2339: Property 'job' does not exist on type 'JsonResponse<unknown>'.
src/features/compiler-playground/components/CompileOutput.tsx(75,27): error TS18047: 'getJobResult' is possibly 'null'.
src/features/compiler-playground/components/CompileOutput.tsx(75,40): error TS2339: Property 'job' does not exist on type 'JsonResponse<unknown>'.
src/features/compiler-playground/components/CompileOutput.tsx(76,27): error TS18047: 'getJobResult' is possibly 'null'.
src/features/compiler-playground/components/CompileOutput.tsx(76,40): error TS2339: Property 'job' does not exist on type 'JsonResponse<unknown>'.
src/features/compiler-playground/components/CompileOutput.tsx(81,22): error TS18048: 'createJobResult.error' is possibly 'undefined'.
src/features/compiler-playground/pages/PlaygroundEditorPage.tsx(154,30): error TS2339: Property 'code' does not exist on type 'JsonResponse<unknown>'.
src/features/compiler-playground/pages/PlaygroundEditorPage.tsx(155,28): error TS2339: Property 'code' does not exist on type 'JsonResponse<unknown>'.
src/features/compiler-playground/pages/PlaygroundEditorPage.tsx(156,32): error TS2339: Property 'code' does not exist on type 'JsonResponse<unknown>'.
src/features/compiler-playground/pages/PlaygroundEditorPage.tsx(157,34): error TS2339: Property 'code' does not exist on type 'JsonResponse<unknown>'.
src/features/compiler-playground/pages/PlaygroundEditorPage.tsx(158,30): error TS2339: Property 'code' does not exist on type 'JsonResponse<unknown>'.
src/features/compiler-playground/pages/PlaygroundEditorPage.tsx(159,27): error TS2339: Property 'code' does not exist on type 'JsonResponse<unknown>'.
src/features/compiler-playground/pages/PlaygroundEditorPage.tsx(160,26): error TS2339: Property 'code' does not exist on type 'JsonResponse<unknown>'.
src/features/compiler-playground/pages/PlaygroundEditorPage.tsx(161,36): error TS2339: Property 'code' does not exist on type 'JsonResponse<unknown>'.
src/features/compiler-playground/pages/PlaygroundEditorPage.tsx(168,30): error TS2339: Property 'template' does not exist on type 'JsonResponse<unknown>'.
src/features/compiler-playground/pages/PlaygroundEditorPage.tsx(169,37): error TS2339: Property 'template' does not exist on type 'JsonResponse<unknown>'.
src/features/compiler-playground/pages/PlaygroundEditorPage.tsx(237,34): error TS2339: Property 'code' does not exist on type 'JsonResponse<unknown>'.
src/features/compiler-playground/pages/PlaygroundEditorPage.tsx(239,59): error TS2339: Property 'code' does not exist on type 'JsonResponse<unknown>'.
src/features/compiler-playground/pages/PlaygroundEditorPage.tsx(249,45): error TS2698: Spread types may only be created from object types.
src/features/compiler-playground/pages/PlaygroundEditorPage.tsx(272,45): error TS2698: Spread types may only be created from object types.
src/features/compiler-playground/pages/PlaygroundEditorPage.tsx(343,20): error TS2339: Property 'vote' does not exist on type 'JsonResponse<unknown>'.
src/features/compiler-playground/pages/PlaygroundEditorPage.tsx(360,41): error TS2698: Spread types may only be created from object types.
src/features/compiler-playground/pages/PlaygroundEditorPage.tsx(361,27): error TS18046: 'result.data' is of type 'unknown'.
src/features/courses/components/LessonEditor.tsx(53,30): error TS2339: Property 'lesson' does not exist on type 'JsonResponse<unknown>'.
src/features/courses/components/LessonEditor.tsx(54,30): error TS2339: Property 'lesson' does not exist on type 'JsonResponse<unknown>'.
src/features/courses/components/LessonEditor.tsx(78,30): error TS2339: Property 'lessonNode' does not exist on type 'JsonResponse<unknown>'.
src/features/courses/components/LessonEditor.tsx(84,36): error TS2339: Property 'lessonNode' does not exist on type 'JsonResponse<unknown>'.
src/features/courses/components/LessonEditor.tsx(85,39): error TS2339: Property 'lessonNode' does not exist on type 'JsonResponse<unknown>'.
src/features/courses/components/LessonEditor.tsx(86,38): error TS2339: Property 'lessonNode' does not exist on type 'JsonResponse<unknown>'.
src/features/courses/components/LessonEditor.tsx(97,37): error TS2339: Property 'lessonNode' does not exist on type 'JsonResponse<unknown>'.
src/features/courses/components/LessonEditor.tsx(99,46): error TS2339: Property 'lessonNode' does not exist on type 'JsonResponse<unknown>'.
src/features/courses/components/LessonNode.tsx(67,34): error TS2339: Property 'lessonNode' does not exist on type 'JsonResponse<unknown>'.
src/features/courses/components/LessonNode.tsx(68,32): error TS2339: Property 'lessonNode' does not exist on type 'JsonResponse<unknown>'.
src/features/courses/components/LessonNode.tsx(120,26): error TS18046: 'result.data' is of type 'unknown'.
src/features/courses/components/LessonNode.tsx(121,35): error TS18046: 'result.data' is of type 'unknown'.
src/features/courses/components/LessonNodeEditor.tsx(114,34): error TS2339: Property 'lessonNode' does not exist on type 'JsonResponse<unknown>'.
src/features/courses/components/LessonNodeEditor.tsx(115,41): error TS2339: Property 'lessonNode' does not exist on type 'JsonResponse<unknown>'.
src/features/courses/components/LessonNodeEditor.tsx(203,31): error TS18046: 'result.data' is of type 'unknown'.
src/features/courses/components/LessonNodeEditor.tsx(204,31): error TS18046: 'result.data' is of type 'unknown'.
src/features/courses/components/LessonNodeEditor.tsx(205,31): error TS18046: 'result.data' is of type 'unknown'.
src/features/courses/components/LessonNodeEditor.tsx(206,40): error TS18046: 'result.data' is of type 'unknown'.
src/features/courses/components/LessonNodeEditor.tsx(207,34): error TS18046: 'result.data' is of type 'unknown'.
src/features/courses/components/LessonNodeEditor.tsx(211,37): error TS18046: 'result.data' is of type 'unknown'.
src/features/courses/components/LessonNodeEditor.tsx(303,50): error TS18046: 'result.data' is of type 'unknown'.
src/features/courses/components/LessonNodeEditor.tsx(579,66): error TS2339: Property 'code' does not exist on type 'JsonResponse<unknown>'.
src/features/courses/components/LessonNodeEditor.tsx(581,72): error TS2339: Property 'code' does not exist on type 'JsonResponse<unknown>'.
src/features/courses/pages/CourseEditorListPage.tsx(19,30): error TS2339: Property 'courses' does not exist on type 'JsonResponse<unknown>'.
src/features/courses/pages/CourseEditorListPage.tsx(20,31): error TS2339: Property 'courses' does not exist on type 'JsonResponse<unknown>'.
src/features/courses/pages/CourseEditorPage.tsx(34,30): error TS2339: Property 'course' does not exist on type 'JsonResponse<unknown>'.
src/features/courses/pages/CourseEditorPage.tsx(35,30): error TS2339: Property 'course' does not exist on type 'JsonResponse<unknown>'.
src/features/courses/pages/CourseEditorPage.tsx(36,31): error TS2339: Property 'course' does not exist on type 'JsonResponse<unknown>'.
src/features/courses/pages/CourseEditorPage.tsx(58,30): error TS2339: Property 'lesson' does not exist on type 'JsonResponse<unknown>'.
src/features/courses/pages/CourseEditorPage.tsx(59,60): error TS2339: Property 'lesson' does not exist on type 'JsonResponse<unknown>'.
src/features/courses/pages/CourseEditorPage.tsx(63,55): error TS18048: 'result.error' is possibly 'undefined'.
src/features/courses/pages/CourseEditorPage.tsx(85,51): error TS18046: 'result.data' is of type 'unknown'.
src/features/courses/pages/CourseEditorPage.tsx(93,55): error TS18048: 'result.error' is possibly 'undefined'.
src/features/courses/pages/CourseEditorPage.tsx(121,55): error TS18048: 'result.error' is possibly 'undefined'.
src/features/courses/pages/CourseEditorPage.tsx(151,55): error TS18048: 'result.error' is possibly 'undefined'.
src/features/courses/pages/CourseLessonPage.tsx(61,30): error TS2339: Property 'lesson' does not exist on type 'JsonResponse<unknown>'.
src/features/courses/pages/CourseLessonPage.tsx(62,30): error TS2339: Property 'lesson' does not exist on type 'JsonResponse<unknown>'.
src/features/courses/pages/CourseLessonPage.tsx(63,36): error TS2339: Property 'lesson' does not exist on type 'JsonResponse<unknown>'.
src/features/courses/pages/CourseListPage.tsx(27,30): error TS2339: Property 'courses' does not exist on type 'JsonResponse<unknown>'.
src/features/courses/pages/CourseListPage.tsx(28,31): error TS2339: Property 'courses' does not exist on type 'JsonResponse<unknown>'.
src/features/courses/pages/CourseListPage.tsx(34,34): error TS2339: Property 'courses' does not exist on type 'JsonResponse<unknown>'.
src/features/courses/pages/CourseListPage.tsx(35,37): error TS2339: Property 'courses' does not exist on type 'JsonResponse<unknown>'.
src/features/courses/pages/CoursePage.tsx(47,30): error TS2339: Property 'course' does not exist on type 'JsonResponse<unknown>'.
src/features/courses/pages/CoursePage.tsx(48,30): error TS2339: Property 'course' does not exist on type 'JsonResponse<unknown>'.
src/features/courses/pages/CoursePage.tsx(49,48): error TS2339: Property 'course' does not exist on type 'JsonResponse<unknown>'.
src/features/courses/pages/CreateCoursePage.tsx(41,30): error TS2339: Property 'course' does not exist on type 'JsonResponse<unknown>'.
src/features/courses/pages/CreateCoursePage.tsx(42,28): error TS2339: Property 'course' does not exist on type 'JsonResponse<unknown>'.
src/features/courses/pages/CreateCoursePage.tsx(43,29): error TS2339: Property 'course' does not exist on type 'JsonResponse<unknown>'.
src/features/courses/pages/CreateCoursePage.tsx(44,35): error TS2339: Property 'course' does not exist on type 'JsonResponse<unknown>'.
src/features/courses/pages/CreateCoursePage.tsx(45,31): error TS2339: Property 'course' does not exist on type 'JsonResponse<unknown>'.
src/features/courses/pages/CreateCoursePage.tsx(46,37): error TS2339: Property 'course' does not exist on type 'JsonResponse<unknown>'.
src/features/courses/pages/CreateCoursePage.tsx(78,49): error TS2339: Property 'course' does not exist on type 'JsonResponse<unknown>'.
src/features/courses/pages/CreateCoursePage.tsx(80,59): error TS2339: Property 'message' does not exist on type 'JsonResponse<unknown>'.
src/features/courses/pages/CreateCoursePage.tsx(87,30): error TS2339: Property 'course' does not exist on type 'JsonResponse<unknown>'.
src/features/courses/pages/CreateCoursePage.tsx(88,50): error TS2339: Property 'course' does not exist on type 'JsonResponse<unknown>'.
src/features/courses/pages/CreateCoursePage.tsx(102,40): error TS2339: Property 'visible' does not exist on type '{}'.
src/features/courses/pages/CreateCoursePage.tsx(103,37): error TS2339: Property 'code' does not exist on type '{}'.
src/features/courses/pages/CreateCoursePage.tsx(104,38): error TS2339: Property 'title' does not exist on type '{}'.
src/features/courses/pages/CreateCoursePage.tsx(105,44): error TS2339: Property 'description' does not exist on type '{}'.
src/features/courses/pages/CreateCoursePage.tsx(125,51): error TS2339: Property 'message' does not exist on type '{ message: string; }[]'.
src/features/courses/pages/CreateCoursePage.tsx(125,68): error TS2339: Property 'message' does not exist on type 'JsonResponse<unknown>'.
src/features/courses/pages/CreateCoursePage.tsx(137,30): error TS18046: 'result.data' is of type 'unknown'.
src/features/feed/components/FeedDetail.tsx(55,36): error TS2339: Property 'message' does not exist on type 'JsonResponse<unknown>'.
src/features/feed/components/FeedDetail.tsx(57,26): error TS2339: Property 'feed' does not exist on type 'JsonResponse<unknown>'.
src/features/feed/components/FeedDetail.tsx(58,34): error TS2339: Property 'feed' does not exist on type 'JsonResponse<unknown>'.
src/features/feed/components/FeedDetail.tsx(59,34): error TS2339: Property 'feed' does not exist on type 'JsonResponse<unknown>'.
src/features/feed/components/FeedItem.tsx(77,49): error TS2345: Argument of type '"Admin"' is not assignable to parameter of type 'RolesEnum'.
src/features/feed/components/FeedItem.tsx(77,87): error TS2345: Argument of type '"Moderator"' is not assignable to parameter of type 'RolesEnum'.
src/features/feed/components/FeedItem.tsx(102,42): error TS18046: 'result.data' is of type 'unknown'.
src/features/feed/components/FeedItem.tsx(103,35): error TS18046: 'result.data' is of type 'unknown'.
src/features/feed/components/FeedItem.tsx(105,33): error TS18048: 'result.error' is possibly 'undefined'.
src/features/feed/components/FeedItem.tsx(127,33): error TS18048: 'result.error' is possibly 'undefined'.
src/features/feed/components/FeedItem.tsx(138,60): error TS2339: Property 'vote' does not exist on type 'JsonResponse<unknown>'.
src/features/feed/components/FeedItem.tsx(138,74): error TS2339: Property 'vote' does not exist on type 'JsonResponse<unknown>'.
src/features/feed/components/FeedItem.tsx(178,18): error TS2339: Property 'vote' does not exist on type 'JsonResponse<unknown>'.
src/features/feed/components/FeedItem.tsx(193,87): error TS2339: Property 'vote' does not exist on type 'JsonResponse<unknown>'.
src/features/feed/components/FeedItem.tsx(195,33): error TS18048: 'result.error' is possibly 'undefined'.
src/features/feed/components/FeedItem.tsx(202,32): error TS2339: Property 'feed' does not exist on type 'JsonResponse<unknown>'.
src/features/feed/components/FeedItem.tsx(206,33): error TS18048: 'result.error' is possibly 'undefined'.
src/features/feed/hooks/useFeed.ts(46,45): error TS2339: Property 'feeds' does not exist on type 'JsonResponse<unknown>'.
src/features/feed/hooks/useFeed.ts(52,35): error TS2339: Property 'feeds' does not exist on type 'JsonResponse<unknown>'.
src/features/feed/hooks/useFeed.ts(54,34): error TS2339: Property 'count' does not exist on type 'JsonResponse<unknown>'.
src/features/feed/hooks/useFeed.ts(55,35): error TS2339: Property 'feeds' does not exist on type 'JsonResponse<unknown>'.
src/features/feed/hooks/useFeed.ts(57,22): error TS2345: Argument of type '{ message: string; }[] | undefined' is not assignable to parameter of type 'SetStateAction<any[]>'.
  Type 'undefined' is not assignable to type 'SetStateAction<any[]>'.
src/features/feed/pages/FeedCreatePage.tsx(28,30): error TS2339: Property 'feed' does not exist on type 'JsonResponse<unknown>'.
src/features/feed/pages/FeedCreatePage.tsx(29,31): error TS2339: Property 'feed' does not exist on type 'JsonResponse<unknown>'.
src/features/feed/pages/FeedCreatePage.tsx(40,40): error TS2339: Property 'feed' does not exist on type 'JsonResponse<unknown>'.
src/features/feed/pages/FeedCreatePage.tsx(53,33): error TS18046: 'result.data' is of type 'unknown'.
src/features/feed/pages/FeedListPage.tsx(94,26): error TS2339: Property 'feeds' does not exist on type 'JsonResponse<unknown>'.
src/features/feed/pages/FeedListPage.tsx(95,35): error TS2339: Property 'feeds' does not exist on type 'JsonResponse<unknown>'.
src/features/profile/components/NotificationList.tsx(27,34): error TS2339: Property 'count' does not exist on type 'JsonResponse<unknown>'.
src/features/profile/components/NotificationList.tsx(28,39): error TS2339: Property 'count' does not exist on type 'JsonResponse<unknown>'.
src/features/profile/components/NotificationsTab.tsx(71,22): error TS18046: 'result.data' is of type 'unknown'.
src/features/profile/components/ProfileSettings.tsx(90,33): error TS18046: 'result.data' is of type 'unknown'.
src/features/profile/components/ProfileSettings.tsx(91,40): error TS18046: 'result.data' is of type 'unknown'.
src/features/profile/components/ProfileSettings.tsx(138,30): error TS18046: 'result.data' is of type 'unknown'.
src/features/profile/components/ProfileSettings.tsx(140,31): error TS18046: 'result.data' is of type 'unknown'.
src/features/profile/components/ProfileSettings.tsx(209,38): error TS18046: 'result.data' is of type 'unknown'.
src/features/profile/components/ProfileSettings.tsx(212,35): error TS18046: 'result.data' is of type 'unknown'.
src/features/profile/hooks/useCodes.ts(25,34): error TS2339: Property 'codes' does not exist on type 'JsonResponse<unknown>'.
src/features/profile/hooks/useCodes.ts(26,56): error TS2339: Property 'codes' does not exist on type 'JsonResponse<unknown>'.
src/features/profile/hooks/useCodes.ts(27,39): error TS2339: Property 'codes' does not exist on type 'JsonResponse<unknown>'.
src/features/profile/hooks/useCodes.ts(29,26): error TS18048: 'result.error' is possibly 'undefined'.
src/features/profile/hooks/useFollows.ts(24,28): error TS2345: Argument of type '(prev: any[]) => unknown' is not assignable to parameter of type 'SetStateAction<any[]>'.
  Type '(prev: any[]) => unknown' is not assignable to type '(prevState: any[]) => any[]'.
    Type 'unknown' is not assignable to type 'any[]'.
src/features/profile/hooks/useFollows.ts(24,81): error TS2488: Type 'unknown' must have a '[Symbol.iterator]()' method that returns an iterator.
src/features/profile/hooks/useFollows.ts(25,44): error TS2339: Property 'length' does not exist on type '{}'.
src/features/profile/hooks/useNotifications.ts(20,34): error TS2339: Property 'notifications' does not exist on type 'JsonResponse<unknown>'.
src/features/profile/hooks/useNotifications.ts(21,65): error TS2339: Property 'notifications' does not exist on type 'JsonResponse<unknown>'.
src/features/profile/hooks/useNotifications.ts(21,89): error TS2339: Property 'notifications' does not exist on type 'JsonResponse<unknown>'.
src/features/profile/hooks/useNotifications.ts(22,39): error TS2339: Property 'notifications' does not exist on type 'JsonResponse<unknown>'.
src/features/profile/hooks/useNotifications.ts(25,26): error TS18048: 'result.error' is possibly 'undefined'.
src/features/profile/hooks/usePushNotifications.ts(38,26): error TS2339: Property 'publicKey' does not exist on type 'JsonResponse<unknown>'.
src/features/profile/hooks/usePushNotifications.ts(40,68): error TS2339: Property 'publicKey' does not exist on type 'JsonResponse<unknown>'.
src/features/profile/hooks/useQuestions.ts(3,10): error TS2614: Module '"../../discuss/components/Question"' has no exported member 'IQuestion'. Did you mean to use 'import IQuestion from "../../discuss/components/Question"' instead?
src/features/profile/hooks/useQuestions.ts(25,34): error TS2339: Property 'questions' does not exist on type 'JsonResponse<unknown>'.
src/features/profile/hooks/useQuestions.ts(26,56): error TS2339: Property 'questions' does not exist on type 'JsonResponse<unknown>'.
src/features/profile/hooks/useQuestions.ts(27,39): error TS2339: Property 'questions' does not exist on type 'JsonResponse<unknown>'.
src/features/profile/hooks/useQuestions.ts(29,26): error TS18048: 'result.error' is possibly 'undefined'.
src/features/profile/hooks/useSolvedChallenges.ts(25,51): error TS2339: Property 'challenges' does not exist on type 'JsonResponse<unknown>'.
src/features/profile/hooks/useSolvedChallenges.ts(27,40): error TS2339: Property 'hasNextPage' does not exist on type 'JsonResponse<unknown>'.
src/features/profile/pages/ProfilePage.tsx(15,20): error TS2614: Module '"../../discuss/components/Question"' has no exported member 'IQuestion'. Did you mean to use 'import IQuestion from "../../discuss/components/Question"' instead?
src/features/profile/pages/ProfilePage.tsx(90,26): error TS2339: Property 'userDetails' does not exist on type 'JsonResponse<unknown>'.
src/features/profile/pages/ProfilePage.tsx(91,41): error TS2339: Property 'userDetails' does not exist on type 'JsonResponse<unknown>'.
src/features/profile/pages/ProfilePage.tsx(92,44): error TS2339: Property 'userDetails' does not exist on type 'JsonResponse<unknown>'.
src/features/profile/pages/ProfilePage.tsx(93,44): error TS2339: Property 'userDetails' does not exist on type 'JsonResponse<unknown>'.
src/features/profile/pages/ProfilePage.tsx(94,35): error TS2339: Property 'userDetails' does not exist on type 'JsonResponse<unknown>'.
src/features/profile/pages/ProfilePage.tsx(95,39): error TS2339: Property 'userDetails' does not exist on type 'JsonResponse<unknown>'.
src/features/profile/pages/ProfilePage.tsx(96,39): error TS2339: Property 'userDetails' does not exist on type 'JsonResponse<unknown>'.
src/features/profile/pages/ProfilePage.tsx(176,30): error TS2339: Property 'channel' does not exist on type 'JsonResponse<unknown>'.
src/features/profile/pages/ProfilePage.tsx(177,44): error TS2339: Property 'channel' does not exist on type 'JsonResponse<unknown>'.
src/features/profile/pages/ProfilePage.tsx(189,59): error TS2345: Argument of type '"Admin"' is not assignable to parameter of type 'RolesEnum'.
src/features/tags/pages/TagHome.tsx(30,33): error TS2339: Property 'message' does not exist on type 'JsonResponse<unknown>'.
src/features/tags/pages/TagHome.tsx(31,39): error TS2339: Property 'message' does not exist on type 'JsonResponse<unknown>'.
